// Jest Snapshot v1, https://goo.gl/fbAQLP

exports[`Header renders the Header as expected 1`] = `
<header
  className="Header"
>
  <h1
    className="Header__title"
  >
    <a
      href="/"
      onClick={[Function]}
      onMouseEnter={[Function]}
    >
      <img
        alt="Logo: stylized letters 'BRN'"
        src="/images/logo.svg"
      />
    </a>
  </h1>
  <nav
    className="Header__nav"
  >
    <ul
      className="Header__nav__items"
    >
      <li
        className="Header__nav__item "
      >
        <a
          href="/ssr"
          onClick={[Function]}
          onMouseEnter={[Function]}
        >
          SSR
        </a>
      </li>
      <li
        className="Header__nav__item "
      >
        <a
          href="/sg"
          onClick={[Function]}
          onMouseEnter={[Function]}
        >
          SG
        </a>
      </li>
    </ul>
  </nav>
</header>
`;
